d:\project\repo\carogame-sua-giao-dien-working\carogame\x64\debug\vc145.pdb
d:\project\repo\carogame-sua-giao-dien-working\carogame\x64\debug\vc145.idb
d:\project\repo\carogame-sua-giao-dien-working\carogame\x64\debug\ui_main_menu.obj
d:\project\repo\carogame-sua-giao-dien-working\carogame\x64\debug\logic.obj
d:\project\repo\carogame-sua-giao-dien-working\carogame\x64\debug\main.obj
d:\project\repo\carogame-sua-giao-dien-working\carogame\x64\debug\menu_data.obj
d:\project\repo\carogame-sua-giao-dien-working\carogame\x64\debug\audio_manager.obj
d:\project\repo\carogame-sua-giao-dien-working\carogame\x64\debug\ui_story.obj
d:\project\repo\carogame-sua-giao-dien-working\carogame\x64\debug\ui_name_setup.obj
d:\project\repo\carogame-sua-giao-dien-working\carogame\x64\debug\ui_setting.obj
d:\project\repo\carogame-sua-giao-dien-working\carogame\x64\debug\ui_save.obj
d:\project\repo\carogame-sua-giao-dien-working\carogame\x64\debug\ui_load.obj
d:\project\repo\carogame-sua-giao-dien-working\carogame\x64\debug\ui_notify.obj
d:\project\repo\carogame-sua-giao-dien-working\carogame\x64\debug\ui_about.obj
d:\project\repo\carogame-sua-giao-dien-working\carogame\x64\debug\game_data.obj
d:\project\repo\carogame-sua-giao-dien-working\carogame\x64\debug\ai_medium.obj
d:\project\repo\carogame-sua-giao-dien-working\carogame\x64\debug\ai_hard.obj
d:\project\repo\carogame-sua-giao-dien-working\carogame\x64\debug\ai_evaluation.obj
d:\project\repo\carogame-sua-giao-dien-working\carogame\x64\debug\ai_easy.obj
d:\project\repo\carogame-sua-giao-dien-working\carogame\x64\debug\ai_bot.obj
d:\project\repo\carogame-sua-giao-dien-working\carogame\x64\debug\name_input_data.obj
d:\project\repo\carogame-sua-giao-dien-working\carogame\x64\debug\input_mouse.obj
d:\project\repo\carogame-sua-giao-dien-working\carogame\x64\debug\ui_frame.obj
d:\project\repo\carogame-sua-giao-dien-working\carogame\x64\debug\ui_button.obj
d:\project\repo\carogame-sua-giao-dien-working\carogame\x64\debug\ui_background.obj
d:\project\repo\carogame-sua-giao-dien-working\carogame\x64\debug\save_load.obj
d:\project\repo\carogame-sua-giao-dien-working\carogame\x64\debug\ui_setup.obj
d:\project\repo\carogame-sua-giao-dien-working\carogame\x64\debug\ui_play.obj
d:\project\repo\carogame-sua-giao-dien-working\carogame\x64\debug\ui_pause.obj
d:\project\repo\carogame-sua-giao-dien-working\x64\debug\carogame.exe
d:\project\repo\carogame-sua-giao-dien-working\x64\debug\carogame.pdb
d:\project\repo\carogame-sua-giao-dien-working\carogame\x64\debug\carogame.ilk
d:\project\repo\carogame-sua-giao-dien-working\carogame\x64\debug\carogame.tlog\cl.command.1.tlog
d:\project\repo\carogame-sua-giao-dien-working\carogame\x64\debug\carogame.tlog\cl.items.tlog
d:\project\repo\carogame-sua-giao-dien-working\carogame\x64\debug\carogame.tlog\cl.read.1.tlog
d:\project\repo\carogame-sua-giao-dien-working\carogame\x64\debug\carogame.tlog\cl.write.1.tlog
d:\project\repo\carogame-sua-giao-dien-working\carogame\x64\debug\carogame.tlog\link.command.1.tlog
d:\project\repo\carogame-sua-giao-dien-working\carogame\x64\debug\carogame.tlog\link.read.1.tlog
d:\project\repo\carogame-sua-giao-dien-working\carogame\x64\debug\carogame.tlog\link.secondary.1.tlog
d:\project\repo\carogame-sua-giao-dien-working\carogame\x64\debug\carogame.tlog\link.write.1.tlog
